[82412:0x1f3a002200]       0 ms: Scavenge 96.7 (99.2) -> 91.2 (93.7) MB, 0.9 / 0.0 ms  (average mu = 0.993, current mu = 0.993) allocation failure
[82412:0x1f3a002200]     400 ms: Scavenge 101.4 (103.9) -> 95.4 (97.9) MB, 0.9 / 0.0 ms  (average mu = 0.993, current mu = 0.993) allocation failure
[82412:0x1f3a002200]     800 ms: Scavenge 106.1 (108.6) -> 99.6 (102.1) MB, 0.9 / 0.0 ms  (average mu = 0.993, current mu = 0.993) allocation failure
[82412:0x1f3a002200]    1200 ms: Scavenge 110.9 (113.4) -> 103.9 (106.4) MB, 0.9 / 0.0 ms  (average mu = 0.993, current mu = 0.993) allocation failure
[82412:0x1f3a002200]    1600 ms: Scavenge 115.6 (118.1) -> 108.1 (110.6) MB, 0.9 / 0.0 ms  (average mu = 0.993, current mu = 0.993) allocation failure
[82412:0x1f3a002200]    2000 ms: Scavenge 120.4 (122.9) -> 112.4 (114.9) MB, 1.0 / 0.0 ms  (average mu = 0.993, current mu = 0.993) allocation failure
[82412:0x1f3a002200]    2400 ms: Scavenge 125.2 (127.7) -> 116.7 (119.2) MB, 1.0 / 0.0 ms  (average mu = 0.993, current mu = 0.993) allocation failure
[82412:0x1f3a002200]    2800 ms: Scavenge 130.0 (132.5) -> 121.0 (123.5) MB, 1.0 / 0.0 ms  (average mu = 0.993, current mu = 0.993) allocation failure
[82412:0x1f3a002200]    3200 ms: Scavenge 134.8 (137.3) -> 125.3 (127.8) MB, 1.0 / 0.0 ms  (average mu = 0.993, current mu = 0.993) allocation failure
[82412:0x1f3a002200]    3600 ms: Scavenge 139.6 (142.1) -> 129.6 (132.1) MB, 1.0 / 0.0 ms  (average mu = 0.993, current mu = 0.993) allocation failure
[82412:0x1f3a002200]    4000 ms: Scavenge 144.4 (146.9) -> 133.9 (136.4) MB, 1.0 / 0.0 ms  (average mu = 0.993, current mu = 0.993) allocation failure
[82412:0x1f3a002200]    4400 ms: Scavenge 149.3 (151.8) -> 138.3 (140.8) MB, 1.0 / 0.0 ms  (average mu = 0.993, current mu = 0.993) allocation failure
[82412:0x1f3a002200]    4800 ms: Scavenge 154.1 (156.6) -> 142.6 (145.1) MB, 1.0 / 0.0 ms  (average mu = 0.993, current mu = 0.993) allocation failure
[82412:0x1f3a002200]    5200 ms: Scavenge 159.0 (161.5) -> 147.0 (149.5) MB, 1.0 / 0.0 ms  (average mu = 0.993, current mu = 0.993) allocation failure
[82412:0x1f3a002200]    5600 ms: Scavenge 163.9 (166.4) -> 151.4 (153.9) MB, 1.0 / 0.0 ms  (average mu = 0.993, current mu = 0.993) allocation failure
[82412:0x1f3a002200]    6000 ms: Scavenge 168.8 (171.3) -> 155.8 (158.3) MB, 1.1 / 0.0 ms  (average mu = 0.993, current mu = 0.993) allocation failure
[82412:0x1f3a002200]    6400 ms: Scavenge 173.7 (176.2) -> 160.2 (162.7) MB, 1.1 / 0.0 ms  (average mu = 0.993, current mu = 0.993) allocation failure
[82412:0x1f3a002200]    6800 ms: Scavenge 178.6 (181.1) -> 164.6 (167.1) MB, 1.1 / 0.0 ms  (average mu = 0.993, current mu = 0.993) allocation failure
[82412:0x1f3a002200]    7200 ms: Scavenge 183.6 (186.1) -> 169.1 (171.6) MB, 1.1 / 0.0 ms  (average mu = 0.993, current mu = 0.993) allocation failure
[82412:0x1f3a002200]    7600 ms: Scavenge 188.5 (191.0) -> 173.5 (176.0) MB, 1.1 / 0.0 ms  (average mu = 0.993, current mu = 0.993) allocation failure
[82412:0x1f3a002200]    8000 ms: Scavenge 193.5 (196.0) -> 178.0 (180.5) MB, 1.1 / 0.0 ms  (average mu = 0.993, current mu = 0.993) allocation failure
[82412:0x1f3a002200]    8400 ms: Scavenge 198.5 (201.0) -> 182.5 (185.0) MB, 1.1 / 0.0 ms  (average mu = 0.993, current mu = 0.993) allocation failure
[82412:0x1f3a002200]    8800 ms: Scavenge 203.5 (206.0) -> 187.0 (189.5) MB, 1.1 / 0.0 ms  (average mu = 0.993, current mu = 0.993) allocation failure
[82412:0x1f3a002200]    9200 ms: Scavenge 208.5 (211.0) -> 191.5 (194.0) MB, 1.1 / 0.0 ms  (average mu = 0.993, current mu = 0.993) allocation failure
[82412:0x1f3a002200]    9600 ms: Scavenge 213.5 (216.0) -> 196.0 (198.5) MB, 1.1 / 0.0 ms  (average mu = 0.993, current mu = 0.993) allocation failure
[82412:0x1f3a002200]   10000 ms: Scavenge 218.5 (221.0) -> 200.5 (203.0) MB, 1.1 / 0.0 ms  (average mu = 0.993, current mu = 0.993) allocation failure
[82412:0x1f3a002200]   10400 ms: Scavenge 223.6 (226.1) -> 205.1 (207.6) MB, 1.2 / 0.0 ms  (average mu = 0.993, current mu = 0.993) allocation failure
[82412:0x1f3a002200]   10800 ms: Scavenge 228.6 (231.1) -> 209.6 (212.1) MB, 1.2 / 0.0 ms  (average mu = 0.993, current mu = 0.993) allocation failure
[82412:0x1f3a002200]   11200 ms: Scavenge 233.7 (236.2) -> 214.2 (216.7) MB, 1.2 / 0.0 ms  (average mu = 0.993, current mu = 0.993) allocation failure
[82412:0x1f3a002200]   11600 ms: Scavenge 238.8 (241.3) -> 218.8 (221.3) MB, 1.2 / 0.0 ms  (average mu = 0.993, current mu = 0.993) allocation failure
[82412:0x1f3a002200]   12000 ms: Scavenge 243.9 (246.4) -> 223.4 (225.9) MB, 1.2 / 0.0 ms  (average mu = 0.993, current mu = 0.993) allocation failure
[82412:0x1f3a002200]   12400 ms: Scavenge 249.0 (251.5) -> 228.0 (230.5) MB, 1.2 / 0.0 ms  (average mu = 0.993, current mu = 0.993) allocation failure
[82412:0x1f3a002200]   12800 ms: Mark-sweep 254.1 (260.1) -> 186.4 (192.4) MB, 11.9 / 4.0 ms  (average mu = 0.985, current mu = 0.985) allocation failure
[82412:0x1f3a002200]   13200 ms: Scavenge 191.6 (194.1) -> 191.1 (193.6) MB, 1.2 / 0.0 ms  (average mu = 0.993, current mu = 0.993) allocation failure
[82412:0x1f3a002200]   13600 ms: Scavenge 196.7 (199.2) -> 195.7 (198.2) MB, 1.2 / 0.0 ms  (average mu = 0.993, current mu = 0.993) allocation failure
[82412:0x1f3a002200]   14000 ms: Scavenge 201.9 (204.4) -> 200.4 (202.9) MB, 1.3 / 0.0 ms  (average mu = 0.993, current mu = 0.993) allocation failure
[82412:0x1f3a002200]   14400 ms: Scavenge 207.1 (209.6) -> 205.1 (207.6) MB, 1.3 / 0.0 ms  (average mu = 0.993, current mu = 0.993) allocation failure
[82412:0x1f3a002200]   14800 ms: Scavenge 212.3 (214.8) -> 209.8 (212.3) MB, 1.3 / 0.0 ms  (average mu = 0.993, current mu = 0.993) allocation failure
[82412:0x1f3a002200]   15200 ms: Scavenge 217.5 (220.0) -> 214.5 (217.0) MB, 1.3 / 0.0 ms  (average mu = 0.993, current mu = 0.993) allocation failure
[82412:0x1f3a002200]   15600 ms: Scavenge 222.7 (225.2) -> 219.2 (221.7) MB, 1.3 / 0.0 ms  (average mu = 0.993, current mu = 0.993) allocation failure
[82412:0x1f3a002200]   16000 ms: Scavenge 227.9 (230.4) -> 223.9 (226.4) MB, 1.3 / 0.0 ms  (average mu = 0.993, current mu = 0.993) allocation failure
[82412:0x1f3a002200]   16400 ms: Scavenge 233.2 (235.7) -> 228.7 (231.2) MB, 1.3 / 0.0 ms  (average mu = 0.993, current mu = 0.993) allocation failure
[82412:0x1f3a002200]   16800 ms: Scavenge 238.4 (240.9) -> 233.4 (235.9) MB, 1.3 / 0.0 ms  (average mu = 0.993, current mu = 0.993) allocation failure
[82412:0x1f3a002200]   17200 ms: Scavenge 243.7 (246.2) -> 238.2 (240.7) MB, 1.3 / 0.0 ms  (average mu = 0.993, current mu = 0.993) allocation failure
[82412:0x1f3a002200]   17600 ms: Mark-sweep 249.0 (255.0) -> 187.9 (193.9) MB, 18.5 / 6.2 ms  (average mu = 0.982, current mu = 0.982) allocation failure
[82412:0x1f3a002200]   18000 ms: Scavenge 193.2 (195.7) -> 192.7 (195.2) MB, 1.4 / 0.0 ms  (average mu = 0.993, current mu = 0.993) allocation failure
[82412:0x1f3a002200]   18400 ms: Scavenge 198.5 (201.0) -> 197.5 (200.0) MB, 1.4 / 0.0 ms  (average mu = 0.993, current mu = 0.993) allocation failure
[82412:0x1f3a002200]   18800 ms: Scavenge 203.8 (206.3) -> 202.3 (204.8) MB, 1.4 / 0.0 ms  (average mu = 0.993, current mu = 0.993) allocation failure
[82412:0x1f3a002200]   19200 ms: Scavenge 209.2 (211.7) -> 207.2 (209.7) MB, 1.4 / 0.0 ms  (average mu = 0.993, current mu = 0.993) allocation failure
[82412:0x1f3a002200]   19600 ms: Scavenge 214.5 (217.0) -> 212.0 (214.5) MB, 1.4 / 0.0 ms  (average mu = 0.993, current mu = 0.993) allocation failure
[82412:0x1f3a002200]   20000 ms: Scavenge 219.9 (222.4) -> 216.9 (219.4) MB, 1.4 / 0.0 ms  (average mu = 0.993, current mu = 0.993) allocation failure
[82412:0x1f3a002200]   20400 ms: Scavenge 225.3 (227.8) -> 221.8 (224.3) MB, 1.4 / 0.0 ms  (average mu = 0.993, current mu = 0.993) allocation failure
[82412:0x1f3a002200]   20800 ms: Scavenge 230.7 (233.2) -> 226.7 (229.2) MB, 1.4 / 0.0 ms  (average mu = 0.993, current mu = 0.993) allocation failure
[82412:0x1f3a002200]   21200 ms: Scavenge 236.1 (238.6) -> 231.6 (234.1) MB, 1.4 / 0.0 ms  (average mu = 0.993, current mu = 0.993) allocation failure
[82412:0x1f3a002200]   21600 ms: Scavenge 241.5 (244.0) -> 236.5 (239.0) MB, 1.4 / 0.0 ms  (average mu = 0.993, current mu = 0.993) allocation failure
[82412:0x1f3a002200]   22000 ms: Scavenge 246.9 (249.4) -> 241.4 (243.9) MB, 1.4 / 0.0 ms  (average mu = 0.993, current mu = 0.993) allocation failure
[82412:0x1f3a002200]   22400 ms: Mark-sweep 252.4 (258.4) -> 195.1 (201.1) MB, 25.1 / 8.4 ms  (average mu = 0.979, current mu = 0.979) allocation failure
[82412:0x1f3a002200]   22800 ms: Scavenge 200.6 (203.1) -> 200.1 (202.6) MB, 1.5 / 0.0 ms  (average mu = 0.993, current mu = 0.993) allocation failure
[82412:0x1f3a002200]   23200 ms: Scavenge 206.1 (208.6) -> 205.1 (207.6) MB, 1.5 / 0.0 ms  (average mu = 0.993, current mu = 0.993) allocation failure
[82412:0x1f3a002200]   23600 ms: Scavenge 211.5 (214.0) -> 210.0 (212.5) MB, 1.5 / 0.0 ms  (average mu = 0.993, current mu = 0.993) allocation failure
[82412:0x1f3a002200]   24000 ms: Scavenge 217.0 (219.5) -> 215.0 (217.5) MB, 1.5 / 0.0 ms  (average mu = 0.993, current mu = 0.993) allocation failure
[82412:0x1f3a002200]   24400 ms: Scavenge 222.6 (225.1) -> 220.1 (222.6) MB, 1.5 / 0.0 ms  (average mu = 0.993, current mu = 0.993) allocation failure
[82412:0x1f3a002200]   24800 ms: Scavenge 228.1 (230.6) -> 225.1 (227.6) MB, 1.5 / 0.0 ms  (average mu = 0.993, current mu = 0.993) allocation failure
[82412:0x1f3a002200]   25200 ms: Scavenge 233.6 (236.1) -> 230.1 (232.6) MB, 1.5 / 0.0 ms  (average mu = 0.993, current mu = 0.993) allocation failure
[82412:0x1f3a002200]   25600 ms: Scavenge 239.2 (241.7) -> 235.2 (237.7) MB, 1.5 / 0.0 ms  (average mu = 0.993, current mu = 0.993) allocation failure
[82412:0x1f3a002200]   26000 ms: Scavenge 244.7 (247.2) -> 240.2 (242.7) MB, 1.6 / 0.0 ms  (average mu = 0.993, current mu = 0.993) allocation failure
[82412:0x1f3a002200]   26400 ms: Scavenge 250.3 (252.8) -> 245.3 (247.8) MB, 1.6 / 0.0 ms  (average mu = 0.993, current mu = 0.993) allocation failure
[82412:0x1f3a002200]   26800 ms: Scavenge 255.9 (258.4) -> 250.4 (252.9) MB, 1.6 / 0.0 ms  (average mu = 0.993, current mu = 0.993) allocation failure
[82412:0x1f3a002200]   27200 ms: Mark-sweep 261.5 (267.5) -> 206.8 (212.8) MB, 31.7 / 10.6 ms  (average mu = 0.976, current mu = 0.976) allocation failure
[82412:0x1f3a002200]   27600 ms: Scavenge 212.4 (214.9) -> 211.9 (214.4) MB, 1.6 / 0.0 ms  (average mu = 0.993, current mu = 0.993) allocation failure
[82412:0x1f3a002200]   28000 ms: Scavenge 218.1 (220.6) -> 217.1 (219.6) MB, 1.6 / 0.0 ms  (average mu = 0.993, current mu = 0.993) allocation failure
[82412:0x1f3a002200]   28400 ms: Scavenge 223.7 (226.2) -> 222.2 (224.7) MB, 1.6 / 0.0 ms  (average mu = 0.993, current mu = 0.993) allocation failure
[82412:0x1f3a002200]   28800 ms: Scavenge 229.4 (231.9) -> 227.4 (229.9) MB, 1.6 / 0.0 ms  (average mu = 0.993, current mu = 0.993) allocation failure
[82412:0x1f3a002200]   29200 ms: Scavenge 235.0 (237.5) -> 232.5 (235.0) MB, 1.6 / 0.0 ms  (average mu = 0.993, current mu = 0.993) allocation failure
[82412:0x1f3a002200]   29600 ms: Scavenge 240.7 (243.2) -> 237.7 (240.2) MB, 1.6 / 0.0 ms  (average mu = 0.993, current mu = 0.993) allocation failure
[82412:0x1f3a002200]   30000 ms: Scavenge 246.4 (248.9) -> 242.9 (245.4) MB, 1.6 / 0.0 ms  (average mu = 0.993, current mu = 0.993) allocation failure
[82412:0x1f3a002200]   30400 ms: Scavenge 252.1 (254.6) -> 248.1 (250.6) MB, 1.7 / 0.0 ms  (average mu = 0.993, current mu = 0.993) allocation failure
[82412:0x1f3a002200]   30800 ms: Scavenge 257.9 (260.4) -> 253.4 (255.9) MB, 1.7 / 0.0 ms  (average mu = 0.993, current mu = 0.993) allocation failure
[82412:0x1f3a002200]   31200 ms: Scavenge 263.6 (266.1) -> 258.6 (261.1) MB, 1.7 / 0.0 ms  (average mu = 0.993, current mu = 0.993) allocation failure
[82412:0x1f3a002200]   31600 ms: Mark-sweep 269.4 (275.4) -> 217.9 (223.9) MB, 38.1 / 12.7 ms  (average mu = 0.973, current mu = 0.973) allocation failure
[82412:0x1f3a002200]   32000 ms: Scavenge 223.7 (226.2) -> 223.2 (225.7) MB, 1.7 / 0.0 ms  (average mu = 0.993, current mu = 0.993) allocation failure
[82412:0x1f3a002200]   32400 ms: Scavenge 229.5 (232.0) -> 228.5 (231.0) MB, 1.7 / 0.0 ms  (average mu = 0.993, current mu = 0.993) allocation failure
[82412:0x1f3a002200]   32800 ms: Scavenge 235.2 (237.7) -> 233.7 (236.2) MB, 1.7 / 0.0 ms  (average mu = 0.993, current mu = 0.993) allocation failure
[82412:0x1f3a002200]   33200 ms: Scavenge 241.1 (243.6) -> 239.1 (241.6) MB, 1.7 / 0.0 ms  (average mu = 0.993, current mu = 0.993) allocation failure
[82412:0x1f3a002200]   33600 ms: Scavenge 246.9 (249.4) -> 244.4 (246.9) MB, 1.7 / 0.0 ms  (average mu = 0.993, current mu = 0.993) allocation failure
[82412:0x1f3a002200]   34000 ms: Scavenge 252.7 (255.2) -> 249.7 (252.2) MB, 1.8 / 0.0 ms  (average mu = 0.993, current mu = 0.993) allocation failure
[82412:0x1f3a002200]   34400 ms: Scavenge 258.6 (261.1) -> 255.1 (257.6) MB, 1.8 / 0.0 ms  (average mu = 0.993, current mu = 0.993) allocation failure
[82412:0x1f3a002200]   34800 ms: Scavenge 264.4 (266.9) -> 260.4 (262.9) MB, 1.8 / 0.0 ms  (average mu = 0.993, current mu = 0.993) allocation failure
[82412:0x1f3a002200]   35200 ms: Scavenge 270.3 (272.8) -> 265.8 (268.3) MB, 1.8 / 0.0 ms  (average mu = 0.993, current mu = 0.993) allocation failure
[82412:0x1f3a002200]   35600 ms: Scavenge 276.2 (278.7) -> 271.2 (273.7) MB, 1.8 / 0.0 ms  (average mu = 0.993, current mu = 0.993) allocation failure
[82412:0x1f3a002200]   36000 ms: Mark-sweep 282.1 (288.1) -> 233.3 (239.3) MB, 44.5 / 14.8 ms  (average mu = 0.970, current mu = 0.970) allocation failure
[82412:0x1f3a002200]   36400 ms: Scavenge 239.2 (241.7) -> 238.7 (241.2) MB, 1.8 / 0.0 ms  (average mu = 0.993, current mu = 0.993) allocation failure
[82412:0x1f3a002200]   36800 ms: Scavenge 245.1 (247.6) -> 244.1 (246.6) MB, 1.8 / 0.0 ms  (average mu = 0.993, current mu = 0.993) allocation failure
[82412:0x1f3a002200]   37200 ms: Scavenge 251.0 (253.5) -> 249.5 (252.0) MB, 1.8 / 0.0 ms  (average mu = 0.993, current mu = 0.993) allocation failure
[82412:0x1f3a002200]   37600 ms: Scavenge 257.0 (259.5) -> 255.0 (257.5) MB, 1.8 / 0.0 ms  (average mu = 0.993, current mu = 0.993) allocation failure
[82412:0x1f3a002200]   38000 ms: Scavenge 263.0 (265.5) -> 260.5 (263.0) MB, 1.9 / 0.0 ms  (average mu = 0.993, current mu = 0.993) allocation failure
[82412:0x1f3a002200]   38400 ms: Scavenge 268.9 (271.4) -> 265.9 (268.4) MB, 1.9 / 0.0 ms  (average mu = 0.993, current mu = 0.993) allocation failure
[82412:0x1f3a002200]   38800 ms: Scavenge 274.9 (277.4) -> 271.4 (273.9) MB, 1.9 / 0.0 ms  (average mu = 0.993, current mu = 0.993) allocation failure
[82412:0x1f3a002200]   39200 ms: Scavenge 280.9 (283.4) -> 276.9 (279.4) MB, 1.9 / 0.0 ms  (average mu = 0.993, current mu = 0.993) allocation failure
[82412:0x1f3a002200]   39600 ms: Scavenge 287.0 (289.5) -> 282.5 (285.0) MB, 1.9 / 0.0 ms  (average mu = 0.993, current mu = 0.993) allocation failure
[82412:0x1f3a002200]   40000 ms: Scavenge 293.0 (295.5) -> 288.0 (290.5) MB, 1.9 / 0.0 ms  (average mu = 0.993, current mu = 0.993) allocation failure
[82412:0x1f3a002200]   40400 ms: Mark-sweep 299.0 (305.0) -> 252.7 (258.7) MB, 50.9 / 17.0 ms  (average mu = 0.967, current mu = 0.967) allocation failure
[82412:0x1f3a002200]   40800 ms: Scavenge 258.7 (261.2) -> 258.2 (260.7) MB, 1.9 / 0.0 ms  (average mu = 0.993, current mu = 0.993) allocation failure
[82412:0x1f3a002200]   41200 ms: Scavenge 264.8 (267.3) -> 263.8 (266.3) MB, 1.9 / 0.0 ms  (average mu = 0.993, current mu = 0.993) allocation failure
[82412:0x1f3a002200]   41600 ms: Scavenge 270.9 (273.4) -> 269.4 (271.9) MB, 1.9 / 0.0 ms  (average mu = 0.993, current mu = 0.993) allocation failure
[82412:0x1f3a002200]   42000 ms: Scavenge 277.0 (279.5) -> 275.0 (277.5) MB, 1.9 / 0.0 ms  (average mu = 0.993, current mu = 0.993) allocation failure
[82412:0x1f3a002200]   42400 ms: Scavenge 283.1 (285.6) -> 280.6 (283.1) MB, 2.0 / 0.0 ms  (average mu = 0.993, current mu = 0.993) allocation failure
[82412:0x1f3a002200]   42800 ms: Scavenge 289.2 (291.7) -> 286.2 (288.7) MB, 2.0 / 0.0 ms  (average mu = 0.993, current mu = 0.993) allocation failure
[82412:0x1f3a002200]   43200 ms: Scavenge 295.4 (297.9) -> 291.9 (294.4) MB, 2.0 / 0.0 ms  (average mu = 0.993, current mu = 0.993) allocation failure
[82412:0x1f3a002200]   43600 ms: Scavenge 301.5 (304.0) -> 297.5 (300.0) MB, 2.0 / 0.0 ms  (average mu = 0.993, current mu = 0.993) allocation failure
[82412:0x1f3a002200]   44000 ms: Scavenge 307.7 (310.2) -> 303.2 (305.7) MB, 2.0 / 0.0 ms  (average mu = 0.993, current mu = 0.993) allocation failure
[82412:0x1f3a002200]   44400 ms: Scavenge 313.9 (316.4) -> 308.9 (311.4) MB, 2.0 / 0.0 ms  (average mu = 0.993, current mu = 0.993) allocation failure
[82412:0x1f3a002200]   44800 ms: Mark-sweep 320.1 (326.1) -> 276.3 (282.3) MB, 57.3 / 19.1 ms  (average mu = 0.964, current mu = 0.964) allocation failure
[82412:0x1f3a002200]   45200 ms: Scavenge 282.5 (285.0) -> 282.0 (284.5) MB, 2.0 / 0.0 ms  (average mu = 0.993, current mu = 0.993) allocation failure
[82412:0x1f3a002200]   45600 ms: Scavenge 288.8 (291.3) -> 287.8 (290.3) MB, 2.0 / 0.0 ms  (average mu = 0.993, current mu = 0.993) allocation failure
[82412:0x1f3a002200]   46000 ms: Scavenge 295.0 (297.5) -> 293.5 (296.0) MB, 2.1 / 0.0 ms  (average mu = 0.993, current mu = 0.993) allocation failure
[82412:0x1f3a002200]   46400 ms: Scavenge 301.2 (303.7) -> 299.2 (301.7) MB, 2.1 / 0.0 ms  (average mu = 0.993, current mu = 0.993) allocation failure
[82412:0x1f3a002200]   46800 ms: Scavenge 307.5 (310.0) -> 305.0 (307.5) MB, 2.1 / 0.0 ms  (average mu = 0.993, current mu = 0.993) allocation failure
[82412:0x1f3a002200]   47200 ms: Scavenge 313.8 (316.3) -> 310.8 (313.3) MB, 2.1 / 0.0 ms  (average mu = 0.993, current mu = 0.993) allocation failure
[82412:0x1f3a002200]   47600 ms: Scavenge 320.1 (322.6) -> 316.6 (319.1) MB, 2.1 / 0.0 ms  (average mu = 0.993, current mu = 0.993) allocation failure
[82412:0x1f3a002200]   48000 ms: Scavenge 326.4 (328.9) -> 322.4 (324.9) MB, 2.1 / 0.0 ms  (average mu = 0.993, current mu = 0.993) allocation failure
[82412:0x1f3a002200]   48400 ms: Scavenge 332.7 (335.2) -> 328.2 (330.7) MB, 2.1 / 0.0 ms  (average mu = 0.993, current mu = 0.993) allocation failure
[82412:0x1f3a002200]   48800 ms: Mark-sweep 339.0 (345.0) -> 299.2 (305.2) MB, 63.5 / 21.2 ms  (average mu = 0.961, current mu = 0.961) allocation failure
[82412:0x1f3a002200]   49200 ms: Scavenge 305.6 (308.1) -> 305.1 (307.6) MB, 2.1 / 0.0 ms  (average mu = 0.993, current mu = 0.993) allocation failure
[82412:0x1f3a002200]   49600 ms: Scavenge 311.9 (314.4) -> 310.9 (313.4) MB, 2.1 / 0.0 ms  (average mu = 0.993, current mu = 0.993) allocation failure
[82412:0x1f3a002200]   50000 ms: Scavenge 318.3 (320.8) -> 316.8 (319.3) MB, 2.1 / 0.0 ms  (average mu = 0.993, current mu = 0.993) allocation failure
[82412:0x1f3a002200]   50400 ms: Scavenge 324.7 (327.2) -> 322.7 (325.2) MB, 2.2 / 0.0 ms  (average mu = 0.993, current mu = 0.993) allocation failure
[82412:0x1f3a002200]   50800 ms: Scavenge 331.1 (333.6) -> 328.6 (331.1) MB, 2.2 / 0.0 ms  (average mu = 0.993, current mu = 0.993) allocation failure
[82412:0x1f3a002200]   51200 ms: Scavenge 337.5 (340.0) -> 334.5 (337.0) MB, 2.2 / 0.0 ms  (average mu = 0.993, current mu = 0.993) allocation failure
[82412:0x1f3a002200]   51600 ms: Scavenge 343.9 (346.4) -> 340.4 (342.9) MB, 2.2 / 0.0 ms  (average mu = 0.993, current mu = 0.993) allocation failure
[82412:0x1f3a002200]   52000 ms: Scavenge 350.3 (352.8) -> 346.3 (348.8) MB, 2.2 / 0.0 ms  (average mu = 0.993, current mu = 0.993) allocation failure
[82412:0x1f3a002200]   52400 ms: Scavenge 356.8 (359.3) -> 352.3 (354.8) MB, 2.2 / 0.0 ms  (average mu = 0.993, current mu = 0.993) allocation failure
[82412:0x1f3a002200]   52800 ms: Mark-sweep 363.2 (369.2) -> 327.8 (333.8) MB, 69.7 / 23.2 ms  (average mu = 0.958, current mu = 0.958) allocation failure
[82412:0x1f3a002200]   53200 ms: Scavenge 334.3 (336.8) -> 333.8 (336.3) MB, 2.2 / 0.0 ms  (average mu = 0.993, current mu = 0.993) allocation failure
[82412:0x1f3a002200]   53600 ms: Scavenge 340.7 (343.2) -> 339.7 (342.2) MB, 2.2 / 0.0 ms  (average mu = 0.993, current mu = 0.993) allocation failure
[82412:0x1f3a002200]   54000 ms: Scavenge 347.2 (349.7) -> 345.7 (348.2) MB, 2.3 / 0.0 ms  (average mu = 0.993, current mu = 0.993) allocation failure
[82412:0x1f3a002200]   54400 ms: Scavenge 353.8 (356.3) -> 351.8 (354.3) MB, 2.3 / 0.0 ms  (average mu = 0.993, current mu = 0.993) allocation failure
[82412:0x1f3a002200]   54800 ms: Scavenge 360.3 (362.8) -> 357.8 (360.3) MB, 2.3 / 0.0 ms  (average mu = 0.993, current mu = 0.993) allocation failure
[82412:0x1f3a002200]   55200 ms: Scavenge 366.8 (369.3) -> 363.8 (366.3) MB, 2.3 / 0.0 ms  (average mu = 0.993, current mu = 0.993) allocation failure
[82412:0x1f3a002200]   55600 ms: Scavenge 373.4 (375.9) -> 369.9 (372.4) MB, 2.3 / 0.0 ms  (average mu = 0.993, current mu = 0.993) allocation failure
[82412:0x1f3a002200]   56000 ms: Scavenge 379.9 (382.4) -> 375.9 (378.4) MB, 2.3 / 0.0 ms  (average mu = 0.993, current mu = 0.993) allocation failure
[82412:0x1f3a002200]   56400 ms: Scavenge 386.5 (389.0) -> 382.0 (384.5) MB, 2.3 / 0.0 ms  (average mu = 0.993, current mu = 0.993) allocation failure
[82412:0x1f3a002200]   56800 ms: Mark-sweep 393.1 (399.1) -> 362.7 (368.7) MB, 75.9 / 25.3 ms  (average mu = 0.955, current mu = 0.955) allocation failure
[82412:0x1f3a002200]   57200 ms: Scavenge 369.3 (371.8) -> 368.8 (371.3) MB, 2.3 / 0.0 ms  (average mu = 0.993, current mu = 0.993) allocation failure
[82412:0x1f3a002200]   57600 ms: Scavenge 375.9 (378.4) -> 374.9 (377.4) MB, 2.3 / 0.0 ms  (average mu = 0.993, current mu = 0.993) allocation failure
[82412:0x1f3a002200]   58000 ms: Scavenge 382.5 (385.0) -> 381.0 (383.5) MB, 2.4 / 0.0 ms  (average mu = 0.993, current mu = 0.993) allocation failure
[82412:0x1f3a002200]   58400 ms: Scavenge 389.2 (391.7) -> 387.2 (389.7) MB, 2.4 / 0.0 ms  (average mu = 0.993, current mu = 0.993) allocation failure
[82412:0x1f3a002200]   58800 ms: Scavenge 395.9 (398.4) -> 393.4 (395.9) MB, 2.4 / 0.0 ms  (average mu = 0.993, current mu = 0.993) allocation failure
[82412:0x1f3a002200]   59200 ms: Scavenge 402.5 (405.0) -> 399.5 (402.0) MB, 2.4 / 0.0 ms  (average mu = 0.993, current mu = 0.993) allocation failure
[82412:0x1f3a002200]   59600 ms: Scavenge 409.2 (411.7) -> 405.7 (408.2) MB, 2.4 / 0.0 ms  (average mu = 0.993, current mu = 0.993) allocation failure
[82412:0x1f3a002200]   60000 ms: Scavenge 415.9 (418.4) -> 411.9 (414.4) MB, 2.4 / 0.0 ms  (average mu = 0.993, current mu = 0.993) allocation failure
