[82365:0x158001600]       0 ms: Scavenge 12.5 (15.0) -> 10.2 (16.0) MB, 0.8 / 0.0 ms  (average mu = 0.994, current mu = 0.994) allocation failure
[82365:0x158001600]     100 ms: Scavenge 16.0 (18.5) -> 13.5 (19.5) MB, 0.9 / 0.0 ms  (average mu = 0.994, current mu = 0.994) allocation failure
[82365:0x158001600]     300 ms: Scavenge 19.5 (22.0) -> 16.8 (23.0) MB, 1.0 / 0.0 ms  (average mu = 0.994, current mu = 0.994) allocation failure
[82365:0x158001600]     600 ms: Scavenge 23.0 (25.5) -> 20.1 (26.5) MB, 0.9 / 0.0 ms  (average mu = 0.994, current mu = 0.994) allocation failure
[82365:0x158001600]    1000 ms: Scavenge 26.5 (29.0) -> 23.4 (30.0) MB, 1.1 / 0.0 ms  (average mu = 0.994, current mu = 0.994) allocation failure
[82365:0x158001600]    1500 ms: Mark-sweep 30.0 (35.0) -> 22.5 (36.0) MB, 5.2 / 0.0 ms  (average mu = 0.991, current mu = 0.989) allocation failure
[82365:0x158001600]    2000 ms: Scavenge 36.0 (38.5) -> 32.8 (39.5) MB, 1.0 / 0.0 ms  (average mu = 0.991, current mu = 0.991) allocation failure
[82365:0x158001600]    2500 ms: Scavenge 39.5 (42.0) -> 36.1 (43.0) MB, 0.9 / 0.0 ms  (average mu = 0.991, current mu = 0.991) allocation failure
[82365:0x158001600]    3000 ms: Scavenge 43.0 (45.5) -> 39.4 (46.5) MB, 1.1 / 0.0 ms  (average mu = 0.991, current mu = 0.991) allocation failure
[82365:0x158001600]    3500 ms: Scavenge 46.5 (49.0) -> 42.7 (50.0) MB, 1.0 / 0.0 ms  (average mu = 0.991, current mu = 0.991) allocation failure
[82365:0x158001600]    4000 ms: Mark-sweep 50.0 (55.0) -> 40.0 (56.0) MB, 6.1 / 0.0 ms  (average mu = 0.988, current mu = 0.985) allocation failure
[82365:0x158001600]    4500 ms: Scavenge 56.0 (58.5) -> 51.8 (59.5) MB, 1.0 / 0.0 ms  (average mu = 0.988, current mu = 0.988) allocation failure
[82365:0x158001600]    5000 ms: Scavenge 59.5 (62.0) -> 55.1 (63.0) MB, 1.1 / 0.0 ms  (average mu = 0.988, current mu = 0.988) allocation failure
[82365:0x158001600]    5500 ms: Scavenge 63.0 (65.5) -> 58.4 (66.5) MB, 0.9 / 0.0 ms  (average mu = 0.988, current mu = 0.988) allocation failure
[82365:0x158001600]    6000 ms: Scavenge 66.5 (69.0) -> 61.7 (70.0) MB, 1.0 / 0.0 ms  (average mu = 0.988, current mu = 0.988) allocation failure
[82365:0x158001600]    6500 ms: Mark-sweep 70.0 (75.0) -> 58.0 (76.0) MB, 7.0 / 0.0 ms  (average mu = 0.985, current mu = 0.981) allocation failure
[82365:0x158001600]    7000 ms: Scavenge 76.0 (78.5) -> 70.8 (79.5) MB, 1.1 / 0.0 ms  (average mu = 0.985, current mu = 0.985) allocation failure
[82365:0x158001600]    7500 ms: Scavenge 79.5 (82.0) -> 74.1 (83.0) MB, 1.0 / 0.0 ms  (average mu = 0.985, current mu = 0.985) allocation failure
[82365:0x158001600]    8000 ms: Scavenge 83.0 (85.5) -> 77.4 (86.5) MB, 0.9 / 0.0 ms  (average mu = 0.985, current mu = 0.985) allocation failure
[82365:0x158001600]    8500 ms: Scavenge 86.5 (89.0) -> 80.7 (90.0) MB, 1.1 / 0.0 ms  (average mu = 0.985, current mu = 0.985) allocation failure
[82365:0x158001600]    9000 ms: Mark-sweep 90.0 (95.0) -> 76.0 (96.0) MB, 8.2 / 0.0 ms  (average mu = 0.982, current mu = 0.978) allocation failure
[82365:0x158001600]    9500 ms: Scavenge 96.0 (98.5) -> 89.8 (99.5) MB, 1.0 / 0.0 ms  (average mu = 0.982, current mu = 0.982) allocation failure
[82365:0x158001600]   10000 ms: Scavenge 99.5 (102.0) -> 93.1 (103.0) MB, 1.1 / 0.0 ms  (average mu = 0.982, current mu = 0.982) allocation failure
[82365:0x158001600]   10500 ms: Scavenge 103.0 (105.5) -> 96.4 (106.5) MB, 0.9 / 0.0 ms  (average mu = 0.982, current mu = 0.982) allocation failure
[82365:0x158001600]   11000 ms: Scavenge 106.5 (109.0) -> 99.7 (110.0) MB, 1.0 / 0.0 ms  (average mu = 0.982, current mu = 0.982) allocation failure
[82365:0x158001600]   11500 ms: Mark-sweep 110.0 (115.0) -> 94.0 (116.0) MB, 9.1 / 0.0 ms  (average mu = 0.979, current mu = 0.975) allocation failure
[82365:0x158001600]   12000 ms: Scavenge 116.0 (118.5) -> 108.8 (119.5) MB, 1.0 / 0.0 ms  (average mu = 0.979, current mu = 0.979) allocation failure
[82365:0x158001600]   12500 ms: Scavenge 119.5 (122.0) -> 112.1 (123.0) MB, 1.1 / 0.0 ms  (average mu = 0.979, current mu = 0.979) allocation failure
[82365:0x158001600]   13000 ms: Scavenge 123.0 (125.5) -> 115.4 (126.5) MB, 0.9 / 0.0 ms  (average mu = 0.979, current mu = 0.979) allocation failure
[82365:0x158001600]   13500 ms: Scavenge 126.5 (129.0) -> 118.7 (130.0) MB, 1.0 / 0.0 ms  (average mu = 0.979, current mu = 0.979) allocation failure
[82365:0x158001600]   14000 ms: Mark-sweep 130.0 (135.0) -> 112.0 (136.0) MB, 10.3 / 0.0 ms  (average mu = 0.976, current mu = 0.972) allocation failure
[82365:0x158001600]   14500 ms: Scavenge 136.0 (138.5) -> 127.8 (139.5) MB, 1.0 / 0.0 ms  (average mu = 0.976, current mu = 0.976) allocation failure
[82365:0x158001600]   15000 ms: Scavenge 139.5 (142.0) -> 131.1 (143.0) MB, 1.1 / 0.0 ms  (average mu = 0.976, current mu = 0.976) allocation failure